2026-09-19T10:00:00Z WARN  [worker-2] queue depth over threshold id=8192 depth=794
2026-09-19T10:00:01Z INFO  [worker-3] task started id=1024
2026-09-19T10:00:02Z ERROR [scheduler] task started id=8192
2026-09-19T10:00:03Z INFO  [scheduler] connection reset id=2048 retrying
2026-09-19T10:00:04Z INFO  [reaper] cache miss ratio high id=2048
2026-09-19T10:00:05Z INFO  [worker-1] task finished id=1024 elapsed=855ms
2026-09-19T10:00:06Z INFO  [worker-4] cache miss ratio high id=512
2026-09-19T10:00:07Z INFO  [scheduler] queue depth over threshold id=256 depth=114
2026-09-19T10:00:08Z INFO  [worker-2] task started id=2048
2026-09-19T10:00:09Z INFO  [worker-2] task finished id=8192 elapsed=573ms
2026-09-19T10:00:10Z INFO  [worker-2] task started id=256
2026-09-19T10:00:11Z INFO  [worker-2] task started id=4096
2026-09-19T10:00:12Z INFO  [reaper] connection reset id=256 retrying
2026-09-19T10:00:13Z INFO  [worker-1] task failed id=2048 reason=timeout
2026-09-19T10:00:14Z WARN  [worker-4] task finished id=2048 elapsed=84ms
2026-09-19T10:00:15Z INFO  [reaper] cache miss ratio high id=2048
2026-09-19T10:00:16Z INFO  [worker-3] queue depth over threshold id=8192 depth=400
2026-09-19T10:00:17Z INFO  [worker-1] queue depth over threshold id=4096 depth=27
2026-09-19T10:00:18Z ERROR [worker-1] queue depth over threshold id=1024 depth=564
2026-09-19T10:00:19Z ERROR [worker-3] queue depth over threshold id=1024 depth=860
2026-09-19T10:00:20Z INFO  [worker-2] task failed id=1024 reason=timeout
2026-09-19T10:00:21Z INFO  [scheduler] task finished id=8192 elapsed=661ms
2026-09-19T10:00:22Z WARN  [scheduler] task started id=4096
2026-09-19T10:00:23Z INFO  [scheduler] cache miss ratio high id=2048
2026-09-19T10:00:24Z INFO  [scheduler] task failed id=256 reason=timeout
2026-09-19T10:00:25Z INFO  [worker-3] connection reset id=1024 retrying
2026-09-19T10:00:26Z INFO  [worker-1] task started id=2048
2026-09-19T10:00:27Z INFO  [worker-1] task failed id=4096 reason=timeout
2026-09-19T10:00:28Z INFO  [reaper] task finished id=8192 elapsed=603ms
2026-09-19T10:00:29Z INFO  [scheduler] task finished id=256 elapsed=714ms
2026-09-19T10:00:30Z INFO  [worker-4] task started id=1024
2026-09-19T10:23:45Z INFO worker-3 missing brackets
2026-09-19T10:00:32Z INFO  [reaper] queue depth over threshold id=2048 depth=342
2026-09-19T10:00:33Z INFO  [worker-3] cache miss ratio high id=1024
2026-09-19T10:00:34Z ERROR [worker-3] connection reset id=256 retrying
2026-09-19T10:00:35Z INFO  [reaper] task finished id=2048 elapsed=100ms
2026-09-19T10:00:36Z INFO  [worker-1] task lookup id=unknown
2026-09-19T10:00:37Z INFO  [worker-4] cache miss ratio high id=4096
2026-09-19T10:00:38Z INFO  [scheduler] task failed id=512 reason=timeout
2026-09-19T10:00:39Z INFO  [scheduler] queue depth over threshold id=512 depth=882
2026-09-19T10:00:40Z INFO  [worker-1] connection reset id=4096 retrying
2026-09-19T10:00:41Z INFO  [worker-2] task started id=2048
2026-09-19T10:00:42Z INFO  [worker-2] task failed id=2048 reason=timeout
2026-09-19T10:00:43Z INFO  [worker-2] task finished id=1024 elapsed=857ms
2026-09-19T10:00:44Z INFO  [worker-3] queue depth over threshold id=256 depth=518
2026-09-19T10:00:45Z INFO  [worker-1] task failed id=512 reason=timeout
2026-09-19T10:00:46Z ERROR [worker-1] connection reset id=2048 retrying
2026-09-19T10:00:47Z WARN  [worker-3] queue depth over threshold id=4096 depth=631
2026-09-19T10:00:48Z INFO  [scheduler] task finished id=4096 elapsed=529ms
2026-09-19T10:00:49Z INFO  [scheduler] task started id=4096
2026-09-19T10:00:50Z INFO  [worker-1] connection reset id=4096 retrying
2026-09-19T10:00:51Z INFO  [reaper] task finished id=256 elapsed=618ms
2026-09-19T10:00:52Z WARN  [worker-3] task started id=256
2026-09-19T10:00:53Z WARN  [worker-1] cache miss ratio high id=256
2026-09-19T10:00:54Z INFO  [worker-4] queue depth over threshold id=8192 depth=747
2026-09-19T10:00:55Z INFO  [worker-2] task failed id=1024 reason=timeout
2026-09-19T10:00:56Z WARN  [worker-1] task started id=4096
2026-09-19T10:00:57Z INFO  [reaper] cache miss ratio high id=4096
2026-09-19T10:00:58Z INFO  [worker-4] task finished id=512 elapsed=310ms
2026-09-19T10:00:59Z ERROR [worker-4] cache miss ratio high id=8192
2026-09-19T10:01:00Z INFO  [worker-3] cache miss ratio high id=1024
2026-09-19T10:01:01Z WARN  [worker-1] cache miss ratio high id=8192
2026-09-19T10:01:02Z INFO  [reaper] queue depth over threshold id=2048 depth=665
2026-09-19T10:01:03Z INFO  [reaper] task failed id=1024 reason=timeout
2026-09-19T10:01:04Z WARN  [scheduler] connection reset id=8192 retrying
2026-09-19T10:01:05Z INFO  [worker-4] task finished id=256 elapsed=315ms
2026-09-19T10:01:06Z INFO  [scheduler] task finished id=512 elapsed=683ms
2026-09-19T10:01:07Z INFO  [worker-2] task finished id=512 elapsed=826ms
2026-09-19T10:01:08Z ERROR [worker-2] cache miss ratio high id=2048
-- continuation of previous line
2026-09-19T10:01:10Z INFO  [worker-3] task started id=512
2026-09-19T10:01:11Z INFO  [worker-4] task failed id=1024 reason=timeout
2026-09-19T10:01:12Z INFO  [scheduler] cache miss ratio high id=512
2026-09-19T10:01:13Z INFO  [worker-1] task lookup id=unknown
2026-09-19T10:01:14Z INFO  [worker-2] queue depth over threshold id=4096 depth=243
2026-09-19T10:01:15Z ERROR [scheduler] cache miss ratio high id=4096
2026-09-19T10:01:16Z INFO  [worker-3] task finished id=256 elapsed=23ms
2026-09-19T10:01:17Z WARN  [worker-3] task finished id=1024 elapsed=215ms
2026-09-19T10:01:18Z INFO  [worker-2] task finished id=8192 elapsed=337ms
2026-09-19T10:01:19Z INFO  [worker-2] task failed id=256 reason=timeout
2026-09-19T10:01:20Z INFO  [scheduler] task finished id=512 elapsed=252ms
2026-09-19T10:01:21Z INFO  [scheduler] task started id=8192
2026-09-19T10:01:22Z INFO  [worker-3] task finished id=256 elapsed=387ms
2026-09-19T10:01:23Z WARN  [reaper] cache miss ratio high id=256
2026-09-19T10:01:24Z INFO  [scheduler] task failed id=8192 reason=timeout
2026-09-19T10:01:25Z ERROR [worker-1] task finished id=2048 elapsed=253ms
2026-09-19T10:01:26Z INFO  [worker-1] task finished id=8192 elapsed=65ms
2026-09-19T10:01:27Z INFO  [worker-2] task finished id=512 elapsed=810ms
2026-09-19T10:01:28Z WARN  [worker-2] task failed id=2048 reason=timeout
2026-09-19T10:01:29Z INFO  [scheduler] queue depth over threshold id=8192 depth=271
2026-09-19T10:01:30Z ERROR [worker-4] task started id=8192
2026-09-19T10:01:31Z INFO  [worker-3] task started id=512
2026-09-19T10:01:32Z INFO  [worker-3] cache miss ratio high id=8192
2026-09-19T10:01:33Z INFO  [worker-2] task failed id=256 reason=timeout
2026-09-19T10:01:34Z WARN  [worker-1] queue depth over threshold id=2048 depth=411
2026-09-19T10:01:35Z INFO  [worker-3] cache miss ratio high id=1024
2026-09-19T10:01:36Z INFO  [scheduler] cache miss ratio high id=256
2026-09-19T10:01:37Z INFO  [worker-3] task finished id=512 elapsed=260ms
2026-09-19T10:01:38Z WARN  [scheduler] cache miss ratio high id=512
2026-09-19T10:01:39Z WARN  [reaper] task started id=2048
2026-09-19T10:01:40Z INFO  [reaper] task failed id=4096 reason=timeout
2026-09-19T10:01:41Z INFO  [worker-2] task started id=1024
2026-09-19T10:01:42Z INFO  [scheduler] task started id=1024
2026-09-19T10:01:43Z INFO  [reaper] connection reset id=8192 retrying
2026-09-19T10:01:44Z INFO  [scheduler] queue depth over threshold id=256 depth=346
2026-09-19T10:01:45Z INFO  [worker-1] task started id=256
2026-09-19T10:01:46Z INFO  [worker-2] queue depth over threshold id=1024 depth=23
2026-09-19T10:01:47Z INFO  [worker-2] cache miss ratio high id=4096
2026-09-19T10:01:48Z INFO  [reaper] connection reset id=2048 retrying
2026-09-19T10:01:49Z INFO  [worker-2] queue depth over threshold id=512 depth=205
2026-09-19T10:01:50Z INFO  [worker-2] task lookup id=unknown
2026-09-19T10:01:51Z INFO  [worker-2] task started id=1024
2026-09-19T10:01:52Z INFO  [worker-2] task started id=256
2026-09-19T10:01:53Z INFO  [worker-1] cache miss ratio high id=512
2026-09-19T10:01:54Z WARN  [worker-2] task finished id=8192 elapsed=312ms
2026-09-19T10:01:55Z INFO  [worker-1] connection reset id=8192 retrying
2026-09-19T10:01:56Z INFO  [worker-4] task started id=8192
2026-09-19T10:01:57Z INFO  [worker-4] task finished id=256 elapsed=400ms
2026-09-19T10:01:58Z WARN  [worker-2] task started id=4096
2026-09-19T10:01:59Z INFO  [scheduler] task failed id=1024 reason=timeout
2026-09-19T10:02:00Z INFO  [worker-4] task finished id=8192 elapsed=346ms
2026-09-19T10:02:01Z INFO  [worker-4] connection reset id=4096 retrying
2026-09-19T10:02:02Z WARN  [worker-1] connection reset id=4096 retrying
2026-09-19T10:02:03Z INFO  [scheduler] task finished id=4096 elapsed=844ms
2026-09-19T10:02:04Z ERROR [worker-1] task started id=512
2026-09-19T10:02:05Z INFO  [worker-1] queue depth over threshold id=2048 depth=451
2026-09-19T10:02:06Z INFO  [scheduler] task failed id=2048 reason=timeout
2026-09-19T10:02:07Z INFO  [worker-3] task failed id=256 reason=timeout
2026-09-19T10:02:08Z INFO  [worker-4] cache miss ratio high id=512
2026-09-19T10:02:09Z INFO  [worker-1] cache miss ratio high id=256
2026-09-19T10:02:10Z INFO  [worker-4] cache miss ratio high id=256
2026-09-19T10:02:11Z INFO  [scheduler] connection reset id=512 retrying
2026-09-19T10:02:12Z INFO  [scheduler] cache miss ratio high id=4096
2026-09-19T10:02:13Z INFO  [reaper] queue depth over threshold id=1024 depth=701
2026-09-19T10:02:14Z INFO  [worker-2] queue depth over threshold id=256 depth=985
2026-09-19T10:02:15Z INFO  [scheduler] connection reset id=2048 retrying
2026-09-19T10:02:16Z INFO  [worker-2] task started id=256
2026-09-19T10:02:17Z WARN  [reaper] queue depth over threshold id=256 depth=579
2026-09-19T10:02:18Z ERROR [worker-1] task started id=512
2026-09-19T10:02:19Z INFO  [scheduler] cache miss ratio high id=256
2026-09-19T10:02:20Z INFO  [worker-2] task finished id=8192 elapsed=670ms
2026-09-19T10:02:21Z INFO  [scheduler] connection reset id=2048 retrying
2026-09-19T10:02:22Z INFO  [scheduler] task failed id=256 reason=timeout
2026-09-19T10:02:23Z INFO  [worker-2] task started id=4096
	   
2026-09-19T10:02:25Z INFO  [scheduler] cache miss ratio high id=512
2026-09-19T10:02:26Z INFO  [worker-3] connection reset id=256 retrying
2026-09-19T10:02:27Z INFO  [worker-4] task lookup id=unknown
2026-09-19T10:02:28Z WARN  [worker-3] task finished id=1024 elapsed=330ms
2026-09-19T10:02:29Z INFO  [worker-4] task started id=8192
2026-09-19T10:02:30Z INFO  [reaper] task failed id=2048 reason=timeout
2026-09-19T10:02:31Z INFO  [worker-1] connection reset id=1024 retrying
2026-09-19T10:02:32Z WARN  [reaper] connection reset id=512 retrying
2026-09-19T10:02:33Z INFO  [worker-3] task failed id=2048 reason=timeout
2026-09-19T10:02:34Z INFO  [worker-2] task started id=256
2026-09-19T10:02:35Z INFO  [worker-2] connection reset id=4096 retrying
2026-09-19T10:02:36Z INFO  [worker-2] cache miss ratio high id=1024
2026-09-19T10:02:37Z INFO  [worker-3] task finished id=8192 elapsed=28ms
2026-09-19T10:02:38Z INFO  [worker-2] connection reset id=512 retrying
2026-09-19T10:23:45Z TRACE [worker-3] unknown level
2026-09-19T10:02:40Z INFO  [reaper] task failed id=8192 reason=timeout
2026-09-19T10:02:41Z INFO  [scheduler] connection reset id=8192 retrying
2026-09-19T10:02:42Z INFO  [worker-3] task failed id=2048 reason=timeout
2026-09-19T10:02:43Z INFO  [reaper] connection reset id=8192 retrying
2026-09-19T10:02:44Z WARN  [worker-1] cache miss ratio high id=256
2026-09-19T10:02:45Z INFO  [scheduler] connection reset id=2048 retrying
2026-09-19T10:02:46Z INFO  [scheduler] cache miss ratio high id=8192
2026-09-19T10:02:47Z INFO  [worker-1] task failed id=256 reason=timeout
2026-09-19T10:02:48Z INFO  [worker-4] task finished id=2048 elapsed=518ms
2026-09-19T10:02:49Z INFO  [reaper] task finished id=2048 elapsed=851ms
2026-09-19T10:02:50Z WARN  [worker-3] task finished id=2048 elapsed=761ms
2026-09-19T10:02:51Z INFO  [worker-1] task failed id=4096 reason=timeout
2026-09-19T10:02:52Z INFO  [reaper] cache miss ratio high id=4096
2026-09-19T10:02:53Z INFO  [reaper] cache miss ratio high id=4096
2026-09-19T10:02:54Z WARN  [reaper] cache miss ratio high id=1024
2026-09-19T10:02:55Z WARN  [worker-1] task started id=2048
2026-09-19T10:02:56Z INFO  [worker-1] task finished id=512 elapsed=158ms
2026-09-19T10:02:57Z WARN  [scheduler] queue depth over threshold id=2048 depth=771
2026-09-19T10:02:58Z WARN  [worker-1] queue depth over threshold id=2048 depth=208
2026-09-19T10:02:59Z INFO  [worker-4] queue depth over threshold id=256 depth=928
2026-09-19T10:03:00Z INFO  [worker-1] task started id=256
2026-09-19T10:03:01Z INFO  [scheduler] connection reset id=1024 retrying
2026-09-19T10:03:02Z WARN  [worker-4] connection reset id=8192 retrying
2026-09-19T10:03:03Z INFO  [worker-4] cache miss ratio high id=256
2026-09-19T10:03:04Z WARN  [worker-1] task lookup id=unknown
2026-09-19T10:03:05Z INFO  [reaper] cache miss ratio high id=512
2026-09-19T10:03:06Z INFO  [scheduler] cache miss ratio high id=8192
2026-09-19T10:03:07Z INFO  [worker-4] connection reset id=8192 retrying
2026-09-19T10:03:08Z INFO  [worker-2] task started id=8192
2026-09-19T10:03:09Z INFO  [worker-4] task failed id=8192 reason=timeout
2026-09-19T10:03:10Z INFO  [worker-3] connection reset id=4096 retrying
2026-09-19T10:03:11Z INFO  [worker-1] queue depth over threshold id=4096 depth=945
2026-09-19T10:03:12Z INFO  [worker-1] connection reset id=512 retrying
2026-09-19T10:03:13Z WARN  [worker-2] task failed id=8192 reason=timeout
2026-09-19T10:03:14Z INFO  [scheduler] cache miss ratio high id=1024
2026-09-19T10:03:15Z INFO  [reaper] queue depth over threshold id=2048 depth=110
2026-09-19T10:03:16Z INFO  [worker-1] task failed id=8192 reason=timeout
2026-09-19T10:03:17Z INFO  [worker-3] task failed id=256 reason=timeout
2026-09-19T10:03:18Z INFO  [reaper] cache miss ratio high id=1024
2026-09-19T10:03:19Z INFO  [worker-4] queue depth over threshold id=2048 depth=991
2026-09-19T10:03:20Z INFO  [worker-4] task started id=256
2026-09-19T10:03:21Z INFO  [reaper] task finished id=2048 elapsed=404ms
2026-09-19T10:03:22Z INFO  [scheduler] connection reset id=256 retrying
2026-09-19T10:03:23Z WARN  [reaper] connection reset id=4096 retrying
2026-09-19T10:03:24Z INFO  [worker-4] task started id=1024
2026-09-19T10:03:25Z INFO  [worker-2] queue depth over threshold id=1024 depth=622
2026-09-19T10:03:26Z INFO  [worker-3] connection reset id=512 retrying
2026-09-19T10:03:27Z WARN  [worker-1] connection reset id=8192 retrying
2026-09-19T10:03:28Z INFO  [worker-1] connection reset id=512 retrying
not a timestamp INFO [worker-3] hi
2026-09-19T10:03:30Z INFO  [worker-1] queue depth over threshold id=4096 depth=657
2026-09-19T10:03:31Z WARN  [worker-4] task failed id=8192 reason=timeout
2026-09-19T10:03:32Z INFO  [worker-3] cache miss ratio high id=1024
2026-09-19T10:03:33Z INFO  [worker-4] cache miss ratio high id=1024
2026-09-19T10:03:34Z INFO  [reaper] task finished id=8192 elapsed=306ms
2026-09-19T10:03:35Z INFO  [worker-1] task finished id=8192 elapsed=706ms
2026-09-19T10:03:36Z INFO  [worker-2] connection reset id=256 retrying
2026-09-19T10:03:37Z WARN  [worker-1] queue depth over threshold id=4096 depth=573
2026-09-19T10:03:38Z INFO  [worker-2] task failed id=1024 reason=timeout
2026-09-19T10:23:45Z TRACE [worker-3] unknown level
2026-09-19T10:03:40Z INFO  [reaper] task finished id=2048 elapsed=319ms
2026-09-19T10:03:41Z INFO  [scheduler] task lookup id=unknown
2026-09-19T10:03:42Z INFO  [worker-2] task started id=1024
2026-09-19T10:03:43Z INFO  [worker-1] cache miss ratio high id=4096
2026-09-19T10:03:44Z INFO  [reaper] task failed id=2048 reason=timeout
2026-09-19T10:03:45Z WARN  [worker-2] connection reset id=8192 retrying
2026-09-19T10:03:46Z INFO  [worker-2] connection reset id=1024 retrying
2026-09-19T10:03:47Z INFO  [worker-2] task failed id=512 reason=timeout
2026-09-19T10:03:48Z INFO  [worker-4] connection reset id=256 retrying
2026-09-19T10:03:49Z INFO  [reaper] connection reset id=4096 retrying
2026-09-19T10:03:50Z INFO  [reaper] cache miss ratio high id=256
2026-09-19T10:03:51Z INFO  [worker-1] task finished id=8192 elapsed=445ms
2026-09-19T10:03:52Z WARN  [worker-3] task started id=8192
2026-09-19T10:03:53Z INFO  [scheduler] cache miss ratio high id=8192
2026-09-19T10:03:54Z ERROR [scheduler] cache miss ratio high id=1024
2026-09-19T10:03:55Z INFO  [worker-1] task failed id=512 reason=timeout
2026-09-19T10:03:56Z INFO  [worker-4] task started id=256
2026-09-19T10:03:57Z INFO  [worker-4] connection reset id=4096 retrying
2026-09-19T10:03:58Z INFO  [worker-2] task failed id=1024 reason=timeout
2026-09-19T10:03:59Z WARN  [worker-3] cache miss ratio high id=2048
2026-09-19T10:04:00Z INFO  [worker-4] task finished id=1024 elapsed=308ms
2026-09-19T10:04:01Z INFO  [worker-2] task finished id=256 elapsed=122ms
2026-09-19T10:04:02Z INFO  [scheduler] task failed id=512 reason=timeout
2026-09-19T10:04:03Z INFO  [reaper] cache miss ratio high id=256
2026-09-19T10:04:04Z INFO  [worker-3] task finished id=2048 elapsed=308ms
2026-09-19T10:04:05Z INFO  [reaper] cache miss ratio high id=1024
2026-09-19T10:04:06Z INFO  [worker-3] cache miss ratio high id=512
2026-09-19T10:04:07Z INFO  [worker-2] connection reset id=512 retrying
2026-09-19T10:04:08Z WARN  [worker-2] connection reset id=1024 retrying
2026-09-19T10:04:09Z INFO  [worker-4] connection reset id=2048 retrying
2026-09-19T10:04:10Z INFO  [scheduler] task finished id=512 elapsed=701ms
2026-09-19T10:04:11Z INFO  [worker-1] cache miss ratio high id=256
2026-09-19T10:04:12Z INFO  [worker-1] task started id=4096
2026-09-19T10:04:13Z WARN  [worker-1] queue depth over threshold id=512 depth=593
2026-09-19T10:04:14Z INFO  [worker-2] connection reset id=256 retrying
2026-09-19T10:04:15Z INFO  [worker-4] task finished id=1024 elapsed=817ms
2026-09-19T10:04:16Z INFO  [reaper] task finished id=256 elapsed=214ms
2026-09-19T10:04:17Z INFO  [scheduler] cache miss ratio high id=2048
2026-09-19T10:04:18Z INFO  [scheduler] task lookup id=unknown
2026-09-19T10:04:19Z INFO  [worker-3] task started id=512
2026-09-19T10:04:20Z INFO  [worker-3] queue depth over threshold id=256 depth=933
2026-09-19T10:04:21Z INFO  [worker-4] task started id=4096
2026-09-19T10:04:22Z ERROR [scheduler] task failed id=8192 reason=timeout
2026-09-19T10:04:23Z INFO  [worker-3] connection reset id=4096 retrying
2026-09-19T10:04:24Z INFO  [scheduler] task started id=8192
2026-09-19T10:04:25Z WARN  [worker-3] cache miss ratio high id=8192
2026-09-19T10:04:26Z INFO  [scheduler] task failed id=4096 reason=timeout
2026-09-19T10:04:27Z INFO  [scheduler] connection reset id=512 retrying
2026-09-19T10:04:28Z INFO  [worker-3] connection reset id=256 retrying
2026-09-19T10:04:29Z INFO  [scheduler] task failed id=4096 reason=timeout
2026-09-19T10:04:30Z INFO  [worker-3] task finished id=8192 elapsed=808ms
2026-09-19T10:04:31Z INFO  [worker-2] cache miss ratio high id=2048
2026-09-19T10:04:32Z INFO  [worker-1] connection reset id=4096 retrying
2026-09-19T10:04:33Z INFO  [worker-1] queue depth over threshold id=8192 depth=601
2026-09-19T10:04:34Z INFO  [worker-4] cache miss ratio high id=256
2026-09-19T10:04:35Z INFO  [worker-2] connection reset id=2048 retrying
2026-09-19T10:04:36Z INFO  [worker-4] connection reset id=512 retrying
2026-09-19T10:04:37Z INFO  [worker-3] task finished id=4096 elapsed=414ms
2026-09-19T10:04:38Z INFO  [worker-1] task failed id=4096 reason=timeout
2026-09-19T10:04:39Z INFO  [worker-3] task failed id=1024 reason=timeout
2026-09-19T10:04:40Z INFO  [worker-4] queue depth over threshold id=1024 depth=972
2026-09-19T10:04:41Z INFO  [scheduler] task started id=8192
2026-09-19T10:04:42Z INFO  [worker-4] queue depth over threshold id=1024 depth=546
2026-09-19T10:04:43Z INFO  [reaper] task failed id=256 reason=timeout
2026-09-19T10:04:44Z INFO  [scheduler] connection reset id=512 retrying
2026-09-19T10:04:45Z INFO  [reaper] connection reset id=4096 retrying
2026-09-19T10:04:46Z INFO  [worker-2] connection reset id=512 retrying
2026-09-19T10:04:47Z INFO  [worker-2] task finished id=8192 elapsed=285ms
not a timestamp INFO [worker-3] hi
2026-09-19T10:04:49Z INFO  [worker-1] task finished id=512 elapsed=705ms
2026-09-19T10:04:50Z INFO  [scheduler] task started id=1024
2026-09-19T10:04:51Z WARN  [reaper] connection reset id=512 retrying
2026-09-19T10:04:52Z WARN  [reaper] queue depth over threshold id=4096 depth=343
2026-09-19T10:04:53Z INFO  [worker-2] task failed id=512 reason=timeout
2026-09-19T10:04:54Z INFO  [worker-4] task failed id=1024 reason=timeout
2026-09-19T10:04:55Z WARN  [worker-1] task lookup id=unknown
2026-09-19T10:04:56Z INFO  [worker-2] connection reset id=4096 retrying
2026-09-19T10:04:57Z WARN  [worker-1] task started id=2048
2026-09-19T10:04:58Z INFO  [worker-2] task finished id=512 elapsed=107ms
2026-09-19T10:04:59Z INFO  [worker-4] task started id=512
2026-09-19T10:05:00Z INFO  [scheduler] task failed id=256 reason=timeout
2026-09-19T10:05:01Z WARN  [reaper] task failed id=2048 reason=timeout
2026-09-19T10:05:02Z INFO  [worker-1] task started id=256
2026-09-19T10:05:03Z ERROR [worker-2] cache miss ratio high id=2048
2026-09-19T10:05:04Z INFO  [worker-2] connection reset id=256 retrying
2026-09-19T10:05:05Z INFO  [worker-3] task failed id=1024 reason=timeout
2026-09-19T10:05:06Z INFO  [worker-3] cache miss ratio high id=1024
2026-09-19T10:05:07Z INFO  [worker-3] task started id=8192
2026-09-19T10:05:08Z INFO  [worker-4] connection reset id=1024 retrying
2026-09-19T10:05:09Z INFO  [worker-1] cache miss ratio high id=256
2026-09-19T10:05:10Z INFO  [worker-1] connection reset id=2048 retrying
not a timestamp INFO [worker-3] hi
2026-09-19T10:05:12Z INFO  [worker-3] task started id=512
2026-09-19T10:05:13Z ERROR [worker-2] task finished id=512 elapsed=765ms
2026-09-19T10:05:14Z WARN  [worker-1] queue depth over threshold id=2048 depth=788
2026-13-45T99:99:99Z INFO [worker-3] bad timestamp
2026-09-19T10:05:16Z INFO  [worker-1] task finished id=256 elapsed=399ms
2026-09-19T10:05:17Z INFO  [worker-3] queue depth over threshold id=256 depth=415
2026-09-19T10:05:18Z INFO  [reaper] task failed id=4096 reason=timeout
2026-09-19T10:05:19Z INFO  [scheduler] queue depth over threshold id=256 depth=785
2026-09-19T10:05:20Z WARN  [scheduler] cache miss ratio high id=1024
2026-09-19T10:05:21Z INFO  [scheduler] task finished id=256 elapsed=518ms
2026-09-19T10:05:22Z WARN  [worker-4] cache miss ratio high id=1024
2026-09-19T10:05:23Z ERROR [worker-1] cache miss ratio high id=256
malformed line without structure
2026-09-19T10:05:25Z INFO  [worker-3] task finished id=1024 elapsed=286ms
2026-09-19T10:05:26Z INFO  [worker-2] task finished id=8192 elapsed=819ms
2026-09-19T10:05:27Z WARN  [worker-1] task finished id=4096 elapsed=656ms
2026-09-19T10:05:28Z INFO  [scheduler] task finished id=2048 elapsed=737ms
2026-09-19T10:05:29Z INFO  [worker-1] task failed id=256 reason=timeout
2026-09-19T10:23:45Z TRACE [worker-3] unknown level
2026-09-19T10:05:31Z WARN  [worker-4] cache miss ratio high id=1024
2026-09-19T10:05:32Z INFO  [scheduler] task lookup id=unknown
2026-09-19T10:05:33Z INFO  [worker-2] cache miss ratio high id=1024
2026-09-19T10:05:34Z INFO  [reaper] queue depth over threshold id=512 depth=663
2026-09-19T10:05:35Z ERROR [scheduler] task finished id=2048 elapsed=454ms
2026-09-19T10:05:36Z INFO  [worker-2] cache miss ratio high id=512
2026-09-19T10:05:37Z INFO  [scheduler] cache miss ratio high id=4096
2026-09-19T10:05:38Z INFO  [worker-3] queue depth over threshold id=512 depth=657
2026-09-19T10:05:39Z WARN  [worker-4] task finished id=512 elapsed=753ms
2026-09-19T10:05:40Z INFO  [worker-3] task failed id=512 reason=timeout
2026-09-19T10:05:41Z INFO  [reaper] connection reset id=2048 retrying
2026-09-19T10:05:42Z INFO  [worker-1] task finished id=512 elapsed=309ms
2026-09-19T10:05:43Z ERROR [scheduler] queue depth over threshold id=2048 depth=101
2026-09-19T10:05:44Z WARN  [worker-2] task finished id=512 elapsed=36ms
2026-09-19T10:05:45Z WARN  [reaper] task finished id=1024 elapsed=510ms
2026-09-19T10:05:46Z INFO  [reaper] cache miss ratio high id=512
2026-09-19T10:05:47Z INFO  [worker-4] task finished id=256 elapsed=146ms
2026-09-19T10:05:48Z INFO  [reaper] cache miss ratio high id=8192
2026-09-19T10:05:49Z INFO  [scheduler] connection reset id=8192 retrying
2026-09-19T10:05:50Z INFO  [scheduler] task failed id=1024 reason=timeout
2026-09-19T10:05:51Z INFO  [reaper] cache miss ratio high id=8192
2026-09-19T10:05:52Z WARN  [worker-4] queue depth over threshold id=2048 depth=487
2026-09-19T10:05:53Z INFO  [scheduler] cache miss ratio high id=512
2026-09-19T10:05:54Z INFO  [worker-4] cache miss ratio high id=1024
2026-09-19T10:05:55Z INFO  [worker-1] cache miss ratio high id=1024
2026-09-19T10:05:56Z INFO  [worker-2] task started id=2048
2026-09-19T10:05:57Z INFO  [worker-4] task started id=8192
2026-09-19T10:05:58Z INFO  [worker-1] task started id=8192
2026-09-19T10:05:59Z INFO  [reaper] queue depth over threshold id=4096 depth=378
2026-09-19T10:06:00Z INFO  [worker-1] queue depth over threshold id=8192 depth=698
2026-09-19T10:06:01Z INFO  [worker-2] task started id=8192
2026-09-19T10:06:02Z ERROR [worker-2] queue depth over threshold id=512 depth=496
2026-09-19T10:06:03Z INFO  [worker-4] connection reset id=512 retrying
2026-09-19T10:06:04Z INFO  [reaper] connection reset id=256 retrying
2026-09-19T10:06:05Z INFO  [scheduler] task failed id=2048 reason=timeout
2026-09-19T10:06:06Z INFO  [worker-2] task failed id=8192 reason=timeout
2026-09-19T10:06:07Z INFO  [worker-1] task failed id=2048 reason=timeout
2026-09-19T10:06:08Z INFO  [worker-4] task finished id=8192 elapsed=671ms
2026-09-19T10:06:09Z INFO  [worker-2] task lookup id=unknown
2026-09-19T10:06:10Z INFO  [scheduler] task started id=8192
2026-09-19T10:06:11Z INFO  [worker-1] task started id=512
2026-09-19T10:06:12Z INFO  [worker-1] queue depth over threshold id=1024 depth=832
2026-09-19T10:06:13Z ERROR [worker-2] cache miss ratio high id=4096
2026-09-19T10:06:14Z ERROR [worker-3] cache miss ratio high id=8192
2026-09-19T10:06:15Z INFO  [reaper] task failed id=512 reason=timeout
2026-09-19T10:06:16Z INFO  [scheduler] task failed id=4096 reason=timeout
2026-09-19T10:06:17Z INFO  [scheduler] connection reset id=512 retrying
2026-09-19T10:06:18Z INFO  [worker-4] task started id=4096
2026-09-19T10:06:19Z INFO  [reaper] connection reset id=2048 retrying
2026-09-19T10:06:20Z WARN  [reaper] queue depth over threshold id=4096 depth=890
2026-09-19T10:06:21Z INFO  [worker-1] task failed id=512 reason=timeout
2026-09-19T10:06:22Z INFO  [worker-2] connection reset id=2048 retrying
2026-09-19T10:06:23Z INFO  [scheduler] queue depth over threshold id=256 depth=314
2026-09-19T10:06:24Z ERROR [worker-4] task failed id=2048 reason=timeout
2026-09-19T10:06:25Z ERROR [worker-4] queue depth over threshold id=256 depth=563
2026-09-19T10:06:26Z INFO  [scheduler] queue depth over threshold id=4096 depth=327
2026-09-19T10:06:27Z INFO  [worker-1] task started id=512
2026-09-19T10:06:28Z INFO  [scheduler] connection reset id=512 retrying
2026-09-19T10:06:29Z INFO  [reaper] connection reset id=256 retrying
2026-09-19T10:06:30Z INFO  [worker-1] task started id=512
2026-09-19T10:06:31Z INFO  [reaper] task started id=4096
2026-09-19T10:06:32Z INFO  [worker-3] connection reset id=1024 retrying
2026-09-19T10:06:33Z WARN  [worker-3] connection reset id=2048 retrying
2026-09-19T10:06:34Z INFO  [scheduler] task failed id=4096 reason=timeout
2026-09-19T10:06:35Z INFO  [worker-2] task finished id=512 elapsed=642ms
2026-09-19T10:06:36Z INFO  [worker-1] task started id=4096
2026-09-19T10:06:37Z WARN  [worker-3] cache miss ratio high id=256
2026-09-19T10:06:38Z INFO  [worker-1] connection reset id=1024 retrying
2026-09-19T10:06:39Z INFO  [worker-1] task failed id=8192 reason=timeout
2026-09-19T10:06:40Z INFO  [worker-3] task finished id=4096 elapsed=575ms
2026-09-19T10:06:41Z INFO  [worker-3] task started id=2048
2026-09-19T10:06:42Z INFO  [worker-1] cache miss ratio high id=512
2026-09-19T10:06:43Z INFO  [reaper] task finished id=256 elapsed=234ms
2026-09-19T10:06:44Z INFO  [worker-4] queue depth over threshold id=512 depth=742
2026-09-19T10:06:45Z INFO  [worker-1] task failed id=4096 reason=timeout
2026-09-19T10:06:46Z INFO  [worker-3] task lookup id=unknown
2026-09-19T10:06:47Z INFO  [worker-4] task failed id=8192 reason=timeout
2026-09-19T10:06:48Z WARN  [worker-3] task finished id=4096 elapsed=463ms
2026-09-19T10:06:49Z INFO  [worker-1] cache miss ratio high id=2048
2026-09-19T10:06:50Z INFO  [worker-3] task finished id=256 elapsed=798ms
2026-09-19T10:06:51Z INFO  [worker-2] connection reset id=256 retrying
2026-09-19T10:06:52Z INFO  [worker-3] task started id=1024
2026-09-19T10:06:53Z WARN  [worker-4] task failed id=512 reason=timeout
2026-09-19T10:06:54Z INFO  [scheduler] task started id=1024
2026-09-19T10:06:55Z INFO  [worker-4] connection reset id=8192 retrying
2026-09-19T10:06:56Z INFO  [worker-2] task failed id=4096 reason=timeout
2026-09-19T10:06:57Z INFO  [worker-2] connection reset id=256 retrying
2026-09-19T10:06:58Z INFO  [worker-1] connection reset id=1024 retrying
2026-09-19T10:06:59Z INFO  [worker-1] task started id=8192
2026-09-19T10:07:00Z INFO  [worker-3] task failed id=4096 reason=timeout
2026-09-19T10:07:01Z INFO  [scheduler] connection reset id=4096 retrying
2026-09-19T10:07:02Z INFO  [worker-1] task started id=512
2026-09-19T10:07:03Z INFO  [worker-1] task started id=8192
2026-09-19T10:07:04Z INFO  [scheduler] cache miss ratio high id=1024
2026-09-19T10:07:05Z INFO  [scheduler] queue depth over threshold id=1024 depth=192
2026-09-19T10:07:06Z INFO  [worker-2] cache miss ratio high id=2048
2026-09-19T10:07:07Z INFO  [worker-3] connection reset id=1024 retrying
2026-09-19T10:07:08Z INFO  [worker-1] cache miss ratio high id=512
2026-09-19T10:07:09Z INFO  [worker-2] task failed id=512 reason=timeout
2026-09-19T10:07:10Z INFO  [worker-4] queue depth over threshold id=2048 depth=731
2026-09-19T10:07:11Z WARN  [worker-4] queue depth over threshold id=512 depth=847
2026-09-19T10:07:12Z INFO  [worker-2] connection reset id=1024 retrying
2026-09-19T10:07:13Z INFO  [worker-3] queue depth over threshold id=4096 depth=178
2026-09-19T10:07:14Z INFO  [scheduler] queue depth over threshold id=1024 depth=70
2026-09-19T10:07:15Z ERROR [scheduler] task finished id=512 elapsed=686ms
2026-09-19T10:07:16Z INFO  [worker-4] task failed id=2048 reason=timeout
2026-09-19T10:07:17Z WARN  [reaper] cache miss ratio high id=512
2026-09-19T10:07:18Z INFO  [worker-3] task started id=4096
2026-09-19T10:07:19Z INFO  [reaper] task finished id=2048 elapsed=420ms
2026-09-19T10:07:20Z INFO  [worker-2] connection reset id=4096 retrying
2026-09-19T10:07:21Z INFO  [scheduler] cache miss ratio high id=8192
2026-09-19T10:07:22Z ERROR [scheduler] task started id=4096
2026-09-19T10:07:23Z ERROR [worker-1] task lookup id=unknown
2026-09-19T10:07:24Z INFO  [worker-2] connection reset id=256 retrying
2026-09-19T10:07:25Z INFO  [reaper] cache miss ratio high id=512
2026-09-19T10:07:26Z INFO  [worker-1] task failed id=8192 reason=timeout
2026-09-19T10:07:27Z INFO  [scheduler] cache miss ratio high id=256
2026-09-19T10:07:28Z INFO  [worker-3] queue depth over threshold id=2048 depth=380
2026-09-19T10:07:29Z INFO  [worker-1] task failed id=2048 reason=timeout
	   
2026-09-19T10:07:31Z INFO  [worker-1] connection reset id=2048 retrying
2026-09-19T10:07:32Z INFO  [worker-3] task failed id=4096 reason=timeout
2026-09-19T10:07:33Z WARN  [worker-1] cache miss ratio high id=256
2026-09-19T10:07:34Z INFO  [worker-4] queue depth over threshold id=256 depth=368
2026-09-19T10:07:35Z INFO  [worker-1] connection reset id=8192 retrying
2026-09-19T10:07:36Z WARN  [worker-2] task failed id=1024 reason=timeout
2026-09-19T10:07:37Z INFO  [worker-3] cache miss ratio high id=512
2026-09-19T10:07:38Z WARN  [worker-4] connection reset id=8192 retrying
2026-09-19T10:07:39Z WARN  [scheduler] task failed id=512 reason=timeout
2026-09-19T10:07:40Z INFO  [worker-1] queue depth over threshold id=512 depth=920
2026-09-19T10:07:41Z INFO  [worker-2] task failed id=8192 reason=timeout
2026-09-19T10:07:42Z INFO  [worker-1] queue depth over threshold id=1024 depth=260
2026-09-19T10:07:43Z INFO  [worker-3] queue depth over threshold id=2048 depth=891
2026-09-19T10:07:44Z WARN  [scheduler] task finished id=8192 elapsed=756ms
2026-09-19T10:07:45Z INFO  [worker-4] task finished id=8192 elapsed=251ms
2026-09-19T10:07:46Z INFO  [scheduler] connection reset id=256 retrying
2026-09-19T10:07:47Z INFO  [worker-4] queue depth over threshold id=256 depth=74
2026-09-19T10:07:48Z INFO  [worker-2] queue depth over threshold id=4096 depth=82
2026-09-19T10:07:49Z INFO  [worker-2] connection reset id=2048 retrying
2026-09-19T10:07:50Z INFO  [worker-3] queue depth over threshold id=256 depth=223
2026-09-19T10:07:51Z INFO  [scheduler] connection reset id=2048 retrying
2026-09-19T10:07:52Z INFO  [worker-3] queue depth over threshold id=1024 depth=148
2026-09-19T10:07:53Z INFO  [worker-4] queue depth over threshold id=2048 depth=515
2026-09-19T10:07:54Z INFO  [reaper] connection reset id=2048 retrying
2026-13-45T99:99:99Z INFO [worker-3] bad timestamp
2026-09-19T10:07:56Z INFO  [scheduler] task finished id=256 elapsed=403ms
2026-09-19T10:07:57Z WARN  [worker-3] task started id=256
2026-09-19T10:07:58Z INFO  [reaper] connection reset id=1024 retrying
2026-09-19T10:07:59Z WARN  [scheduler] task started id=2048
2026-09-19T10:08:00Z INFO  [worker-4] task lookup id=unknown
2026-09-19T10:08:01Z INFO  [scheduler] cache miss ratio high id=256
2026-09-19T10:08:02Z WARN  [worker-3] task finished id=4096 elapsed=692ms
2026-09-19T10:08:03Z INFO  [reaper] task started id=512
2026-09-19T10:08:04Z INFO  [scheduler] queue depth over threshold id=512 depth=989
2026-09-19T10:08:05Z WARN  [worker-1] task failed id=512 reason=timeout
2026-09-19T10:08:06Z INFO  [worker-1] connection reset id=512 retrying
2026-09-19T10:08:07Z INFO  [worker-2] task failed id=8192 reason=timeout
2026-09-19T10:08:08Z WARN  [worker-1] connection reset id=2048 retrying
2026-09-19T10:08:09Z INFO  [scheduler] task started id=512
2026-09-19T10:08:10Z INFO  [worker-2] task finished id=512 elapsed=745ms
2026-09-19T10:08:11Z INFO  [reaper] cache miss ratio high id=512
2026-09-19T10:08:12Z WARN  [scheduler] task started id=256
2026-09-19T10:08:13Z ERROR [worker-2] cache miss ratio high id=2048
2026-09-19T10:08:14Z INFO  [reaper] task finished id=2048 elapsed=108ms
2026-09-19T10:08:15Z INFO  [worker-3] queue depth over threshold id=1024 depth=413
2026-09-19T10:08:16Z WARN  [worker-4] connection reset id=8192 retrying
2026-09-19T10:08:17Z INFO  [worker-1] task started id=2048
2026-09-19T10:08:18Z INFO  [worker-3] task failed id=4096 reason=timeout
2026-09-19T10:08:19Z WARN  [worker-1] connection reset id=2048 retrying
2026-09-19T10:08:20Z WARN  [worker-4] task failed id=1024 reason=timeout
2026-09-19T10:08:21Z INFO  [worker-4] task failed id=256 reason=timeout
2026-09-19T10:08:22Z INFO  [scheduler] connection reset id=2048 retrying
2026-09-19T10:08:23Z WARN  [reaper] queue depth over threshold id=1024 depth=979
2026-09-19T10:08:24Z INFO  [worker-3] task finished id=8192 elapsed=333ms
2026-09-19T10:08:25Z INFO  [scheduler] task started id=1024
2026-09-19T10:08:26Z INFO  [worker-4] cache miss ratio high id=1024
2026-09-19T10:08:27Z INFO  [scheduler] task finished id=8192 elapsed=484ms
2026-09-19T10:08:28Z INFO  [worker-2] task started id=1024
2026-09-19T10:08:29Z INFO  [scheduler] task failed id=1024 reason=timeout
2026-09-19T10:08:30Z INFO  [scheduler] queue depth over threshold id=4096 depth=131
2026-09-19T10:08:31Z INFO  [scheduler] cache miss ratio high id=2048
2026-09-19T10:08:32Z ERROR [scheduler] task finished id=2048 elapsed=465ms
2026-09-19T10:08:33Z INFO  [worker-2] task started id=4096
2026-09-19T10:23:45Z TRACE [worker-3] unknown level
2026-09-19T10:08:35Z WARN  [scheduler] task started id=1024
2026-09-19T10:08:36Z WARN  [worker-3] connection reset id=512 retrying
2026-09-19T10:08:37Z INFO  [worker-4] task lookup id=unknown
2026-09-19T10:08:38Z INFO  [worker-1] connection reset id=4096 retrying
2026-09-19T10:08:39Z INFO  [worker-3] task failed id=256 reason=timeout
2026-09-19T10:08:40Z INFO  [worker-3] task failed id=1024 reason=timeout
2026-09-19T10:08:41Z INFO  [worker-1] task started id=256
2026-09-19T10:08:42Z INFO  [worker-1] task finished id=8192 elapsed=440ms
2026-09-19T10:08:43Z INFO  [reaper] cache miss ratio high id=256
2026-09-19T10:08:44Z INFO  [worker-3] task finished id=8192 elapsed=879ms
2026-09-19T10:08:45Z INFO  [worker-3] cache miss ratio high id=1024
2026-09-19T10:08:46Z INFO  [worker-2] task started id=1024
2026-09-19T10:08:47Z INFO  [worker-1] queue depth over threshold id=256 depth=747
2026-09-19T10:08:48Z INFO  [worker-1] queue depth over threshold id=2048 depth=770
2026-09-19T10:08:49Z ERROR [scheduler] queue depth over threshold id=512 depth=923
2026-09-19T10:08:50Z INFO  [worker-3] cache miss ratio high id=256
2026-09-19T10:08:51Z INFO  [worker-4] connection reset id=512 retrying
2026-09-19T10:08:52Z INFO  [worker-4] queue depth over threshold id=256 depth=965
2026-09-19T10:08:53Z INFO  [worker-1] cache miss ratio high id=1024
2026-09-19T10:08:54Z INFO  [worker-1] task started id=8192
2026-09-19T10:08:55Z INFO  [reaper] task started id=2048
2026-09-19T10:08:56Z INFO  [worker-2] connection reset id=512 retrying
2026-09-19T10:08:57Z INFO  [worker-1] connection reset id=8192 retrying
2026-09-19T10:08:58Z ERROR [worker-3] task failed id=1024 reason=timeout
2026-09-19T10:08:59Z INFO  [worker-3] task started id=256
2026-09-19T10:09:00Z WARN  [worker-3] queue depth over threshold id=2048 depth=189
2026-09-19T10:09:01Z INFO  [worker-2] cache miss ratio high id=2048
2026-09-19T10:09:02Z INFO  [worker-1] task failed id=8192 reason=timeout
2026-09-19T10:09:03Z INFO  [reaper] task failed id=512 reason=timeout
2026-09-19T10:09:04Z ERROR [worker-4] cache miss ratio high id=512
2026-09-19T10:09:05Z INFO  [reaper] cache miss ratio high id=2048
2026-09-19T10:09:06Z WARN  [worker-2] task finished id=512 elapsed=32ms
2026-09-19T10:09:07Z ERROR [scheduler] connection reset id=8192 retrying
2026-09-19T10:09:08Z INFO  [worker-3] queue depth over threshold id=256 depth=308
2026-09-19T10:09:09Z INFO  [worker-4] task failed id=512 reason=timeout
2026-09-19T10:09:10Z INFO  [reaper] task started id=8192
2026-09-19T10:09:11Z ERROR [worker-1] cache miss ratio high id=2048
2026-09-19T10:09:12Z INFO  [worker-2] task failed id=2048 reason=timeout
2026-09-19T10:09:13Z INFO  [worker-2] task failed id=4096 reason=timeout
2026-09-19T10:09:14Z INFO  [worker-1] task lookup id=unknown
2026-09-19T10:09:15Z INFO  [worker-3] task started id=8192
2026-09-19T10:09:16Z INFO  [worker-4] connection reset id=256 retrying
2026-09-19T10:09:17Z ERROR [worker-3] task failed id=4096 reason=timeout
2026-09-19T10:09:18Z INFO  [reaper] queue depth over threshold id=1024 depth=122
2026-09-19T10:09:19Z INFO  [worker-4] task finished id=1024 elapsed=166ms
2026-09-19T10:09:20Z INFO  [worker-3] task failed id=2048 reason=timeout
2026-09-19T10:09:21Z INFO  [worker-1] cache miss ratio high id=4096
2026-09-19T10:09:22Z INFO  [worker-2] task failed id=512 reason=timeout
2026-09-19T10:09:23Z INFO  [worker-1] task started id=256
2026-09-19T10:09:24Z ERROR [worker-3] queue depth over threshold id=2048 depth=103
2026-09-19T10:09:25Z INFO  [reaper] queue depth over threshold id=8192 depth=46
2026-09-19T10:09:26Z ERROR [scheduler] task started id=8192
2026-09-19T10:09:27Z INFO  [scheduler] task finished id=8192 elapsed=52ms
2026-09-19T10:09:28Z WARN  [reaper] cache miss ratio high id=256
2026-09-19T10:09:29Z INFO  [worker-2] cache miss ratio high id=8192
2026-09-19T10:09:30Z ERROR [worker-4] connection reset id=8192 retrying
2026-09-19T10:09:31Z INFO  [worker-1] cache miss ratio high id=2048
2026-09-19T10:09:32Z WARN  [scheduler] task finished id=8192 elapsed=94ms
2026-09-19T10:09:33Z INFO  [worker-1] cache miss ratio high id=1024
2026-09-19T10:09:34Z WARN  [worker-3] task started id=8192
2026-09-19T10:09:35Z INFO  [worker-2] connection reset id=4096 retrying
2026-09-19T10:09:36Z WARN  [worker-1] connection reset id=1024 retrying
2026-09-19T10:09:37Z INFO  [worker-4] task finished id=1024 elapsed=790ms
2026-09-19T10:09:38Z INFO  [reaper] task failed id=512 reason=timeout
2026-09-19T10:09:39Z INFO  [worker-1] connection reset id=1024 retrying
2026-09-19T10:09:40Z INFO  [worker-4] task failed id=256 reason=timeout
2026-09-19T10:09:41Z INFO  [worker-4] queue depth over threshold id=4096 depth=138
2026-09-19T10:09:42Z INFO  [reaper] task failed id=4096 reason=timeout
2026-09-19T10:09:43Z INFO  [worker-1] queue depth over threshold id=1024 depth=20
2026-09-19T10:09:44Z INFO  [worker-4] task finished id=8192 elapsed=554ms
2026-09-19T10:09:45Z INFO  [worker-1] task started id=256
2026-09-19T10:09:46Z INFO  [scheduler] queue depth over threshold id=1024 depth=377
2026-09-19T10:09:47Z INFO  [scheduler] task started id=256
2026-09-19T10:09:48Z INFO  [worker-1] task started id=8192
2026-09-19T10:09:49Z WARN  [reaper] cache miss ratio high id=8192
2026-09-19T10:09:50Z INFO  [worker-4] task started id=2048
2026-09-19T10:09:51Z INFO  [worker-3] task lookup id=unknown
2026-09-19T10:09:52Z INFO  [scheduler] cache miss ratio high id=8192
2026-09-19T10:09:53Z INFO  [worker-1] queue depth over threshold id=4096 depth=178
2026-09-19T10:09:54Z INFO  [scheduler] task started id=2048
2026-09-19T10:09:55Z INFO  [worker-2] task finished id=2048 elapsed=106ms
2026-09-19T10:09:56Z INFO  [worker-1] cache miss ratio high id=256
2026-09-19T10:09:57Z INFO  [reaper] cache miss ratio high id=1024
2026-09-19T10:09:58Z INFO  [worker-3] queue depth over threshold id=8192 depth=652
2026-09-19T10:09:59Z INFO  [worker-4] queue depth over threshold id=256 depth=550
2026-09-19T10:10:00Z WARN  [worker-2] task started id=256
2026-09-19T10:10:01Z INFO  [worker-2] cache miss ratio high id=512
2026-09-19T10:10:02Z INFO  [reaper] cache miss ratio high id=1024
2026-09-19T10:10:03Z WARN  [worker-3] queue depth over threshold id=4096 depth=114
2026-09-19T10:10:04Z INFO  [scheduler] task finished id=2048 elapsed=395ms
2026-09-19T10:10:05Z INFO  [worker-2] cache miss ratio high id=2048
2026-09-19T10:10:06Z INFO  [scheduler] cache miss ratio high id=256
2026-09-19T10:10:07Z INFO  [worker-2] task started id=4096
2026-09-19T10:10:08Z INFO  [worker-2] task failed id=4096 reason=timeout
2026-09-19T10:10:09Z ERROR [worker-4] task failed id=256 reason=timeout
2026-09-19T10:10:10Z INFO  [worker-4] task finished id=2048 elapsed=887ms
2026-09-19T10:10:11Z INFO  [worker-2] task finished id=256 elapsed=856ms
2026-09-19T10:10:12Z WARN  [worker-4] connection reset id=256 retrying
2026-09-19T10:10:13Z INFO  [worker-1] cache miss ratio high id=512
2026-09-19T10:10:14Z INFO  [worker-4] connection reset id=8192 retrying
2026-09-19T10:10:15Z INFO  [reaper] connection reset id=512 retrying
2026-09-19T10:10:16Z INFO  [worker-1] task started id=2048
2026-09-19T10:10:17Z INFO  [worker-1] task finished id=512 elapsed=456ms
2026-09-19T10:10:18Z INFO  [worker-3] connection reset id=4096 retrying
2026-09-19T10:10:19Z WARN  [worker-3] task started id=256
2026-09-19T10:10:20Z INFO  [worker-4] connection reset id=1024 retrying
2026-09-19T10:10:21Z INFO  [worker-2] cache miss ratio high id=4096
2026-09-19T10:10:22Z WARN  [reaper] task finished id=1024 elapsed=113ms
2026-09-19T10:10:23Z ERROR [worker-4] task finished id=1024 elapsed=453ms
2026-09-19T10:10:24Z INFO  [worker-1] task failed id=8192 reason=timeout
2026-09-19T10:10:25Z INFO  [scheduler] task started id=8192
2026-09-19T10:10:26Z INFO  [worker-2] task failed id=8192 reason=timeout
2026-09-19T10:10:27Z INFO  [worker-1] connection reset id=2048 retrying
2026-09-19T10:10:28Z INFO  [worker-4] task lookup id=unknown
2026-09-19T10:10:29Z INFO  [worker-4] task finished id=4096 elapsed=762ms
2026-09-19T10:10:30Z INFO  [worker-1] task finished id=8192 elapsed=279ms
2026-09-19T10:10:31Z WARN  [worker-4] task failed id=256 reason=timeout
malformed line without structure
2026-09-19T10:10:33Z INFO  [scheduler] queue depth over threshold id=2048 depth=190
2026-09-19T10:10:34Z INFO  [worker-3] connection reset id=256 retrying
2026-09-19T10:10:35Z INFO  [reaper] cache miss ratio high id=256
2026-09-19T10:10:36Z INFO  [scheduler] task finished id=512 elapsed=167ms
2026-09-19T10:10:37Z INFO  [worker-3] task finished id=256 elapsed=488ms
2026-09-19T10:10:38Z ERROR [worker-3] task started id=1024
2026-09-19T10:10:39Z INFO  [worker-2] cache miss ratio high id=256
2026-09-19T10:10:40Z ERROR [reaper] task started id=512
2026-09-19T10:10:41Z INFO  [worker-3] task started id=256
2026-09-19T10:10:42Z WARN  [worker-3] task finished id=8192 elapsed=477ms
2026-09-19T10:10:43Z INFO  [worker-3] cache miss ratio high id=2048
2026-09-19T10:10:44Z INFO  [worker-3] connection reset id=512 retrying
2026-09-19T10:10:45Z WARN  [worker-2] connection reset id=8192 retrying
2026-09-19T10:10:46Z INFO  [worker-2] task failed id=512 reason=timeout
2026-09-19T10:10:47Z INFO  [reaper] task failed id=256 reason=timeout
2026-09-19T10:10:48Z WARN  [worker-1] task failed id=2048 reason=timeout
2026-09-19T10:10:49Z INFO  [worker-3] task finished id=256 elapsed=881ms
2026-09-19T10:10:50Z INFO  [worker-4] connection reset id=4096 retrying
2026-09-19T10:10:51Z INFO  [worker-3] task finished id=1024 elapsed=44ms
2026-09-19T10:10:52Z INFO  [scheduler] task failed id=2048 reason=timeout
2026-09-19T10:10:53Z INFO  [worker-3] task finished id=1024 elapsed=233ms
2026-09-19T10:10:54Z INFO  [worker-4] task finished id=1024 elapsed=621ms
2026-09-19T10:10:55Z INFO  [scheduler] cache miss ratio high id=1024
2026-09-19T10:10:56Z INFO  [scheduler] queue depth over threshold id=8192 depth=661
2026-09-19T10:10:57Z INFO  [scheduler] task finished id=512 elapsed=615ms
2026-09-19T10:10:58Z ERROR [worker-1] connection reset id=4096 retrying
2026-09-19T10:10:59Z INFO  [worker-1] connection reset id=4096 retrying
2026-09-19T10:11:00Z INFO  [worker-1] queue depth over threshold id=1024 depth=161
2026-09-19T10:11:01Z ERROR [reaper] task finished id=512 elapsed=648ms
2026-09-19T10:11:02Z INFO  [scheduler] connection reset id=4096 retrying
2026-09-19T10:11:03Z INFO  [worker-3] cache miss ratio high id=256
2026-09-19T10:11:04Z WARN  [worker-4] queue depth over threshold id=1024 depth=784
2026-09-19T10:11:05Z INFO  [worker-1] task lookup id=unknown
2026-09-19T10:11:06Z INFO  [worker-2] task started id=4096
2026-09-19T10:11:07Z INFO  [worker-2] queue depth over threshold id=1024 depth=826
2026-09-19T10:11:08Z INFO  [worker-3] task started id=8192
2026-09-19T10:11:09Z INFO  [worker-4] cache miss ratio high id=1024
2026-09-19T10:11:10Z WARN  [worker-3] task failed id=256 reason=timeout
2026-09-19T10:11:11Z ERROR [worker-2] queue depth over threshold id=4096 depth=819
2026-09-19T10:11:12Z INFO  [scheduler] connection reset id=512 retrying
2026-09-19T10:11:13Z INFO  [worker-1] task finished id=8192 elapsed=167ms
2026-09-19T10:11:14Z INFO  [reaper] connection reset id=8192 retrying
2026-09-19T10:11:15Z ERROR [worker-1] task started id=256
2026-09-19T10:11:16Z INFO  [worker-3] task finished id=2048 elapsed=856ms
2026-09-19T10:11:17Z WARN  [worker-4] task finished id=8192 elapsed=380ms
2026-09-19T10:11:18Z INFO  [worker-3] cache miss ratio high id=1024
2026-09-19T10:11:19Z INFO  [worker-4] task started id=4096
2026-09-19T10:11:20Z INFO  [reaper] task failed id=256 reason=timeout
2026-09-19T10:11:21Z ERROR [worker-2] queue depth over threshold id=2048 depth=465
2026-09-19T10:11:22Z INFO  [scheduler] task finished id=512 elapsed=39ms
2026-09-19T10:11:23Z INFO  [scheduler] connection reset id=1024 retrying
2026-09-19T10:11:24Z INFO  [reaper] connection reset id=512 retrying
2026-09-19T10:11:25Z INFO  [reaper] task failed id=512 reason=timeout
2026-09-19T10:11:26Z WARN  [worker-2] cache miss ratio high id=256
2026-09-19T10:11:27Z INFO  [worker-4] cache miss ratio high id=512
2026-09-19T10:11:28Z INFO  [worker-1] connection reset id=256 retrying
2026-09-19T10:11:29Z INFO  [worker-2] cache miss ratio high id=512
2026-09-19T10:11:30Z INFO  [scheduler] queue depth over threshold id=8192 depth=51
2026-09-19T10:11:31Z INFO  [worker-1] task finished id=512 elapsed=118ms
2026-09-19T10:11:32Z INFO  [reaper] task finished id=256 elapsed=539ms
2026-09-19T10:11:33Z INFO  [worker-3] task finished id=1024 elapsed=448ms
2026-09-19T10:11:34Z WARN  [scheduler] task finished id=8192 elapsed=202ms
2026-09-19T10:11:35Z WARN  [scheduler] task failed id=8192 reason=timeout
2026-09-19T10:11:36Z INFO  [worker-3] task started id=256
2026-09-19T10:11:37Z INFO  [reaper] connection reset id=512 retrying
2026-09-19T10:11:38Z INFO  [worker-1] task finished id=512 elapsed=162ms
2026-09-19T10:11:39Z INFO  [worker-3] task finished id=256 elapsed=754ms
2026-09-19T10:11:40Z INFO  [scheduler] task finished id=8192 elapsed=707ms
malformed line without structure
2026-09-19T10:11:42Z INFO  [worker-4] task lookup id=unknown
2026-09-19T10:11:43Z ERROR [worker-1] cache miss ratio high id=8192
2026-09-19T10:11:44Z INFO  [worker-4] task failed id=2048 reason=timeout
2026-09-19T10:11:45Z WARN  [reaper] cache miss ratio high id=1024
2026-09-19T10:11:46Z ERROR [reaper] cache miss ratio high id=256
2026-09-19T10:11:47Z WARN  [worker-4] task started id=512
2026-09-19T10:11:48Z INFO  [worker-3] task finished id=8192 elapsed=415ms
2026-09-19T10:11:49Z WARN  [worker-2] cache miss ratio high id=8192
2026-09-19T10:11:50Z INFO  [worker-1] queue depth over threshold id=1024 depth=169
2026-09-19T10:11:51Z INFO  [worker-1] queue depth over threshold id=1024 depth=64
2026-09-19T10:11:52Z INFO  [worker-1] task failed id=8192 reason=timeout
2026-09-19T10:11:53Z INFO  [scheduler] cache miss ratio high id=512
2026-09-19T10:11:54Z INFO  [worker-4] task failed id=2048 reason=timeout
2026-09-19T10:11:55Z INFO  [scheduler] task failed id=256 reason=timeout
2026-09-19T10:11:56Z INFO  [reaper] task finished id=4096 elapsed=294ms
2026-09-19T10:11:57Z INFO  [reaper] task finished id=2048 elapsed=20ms
2026-09-19T10:11:58Z INFO  [worker-1] task finished id=4096 elapsed=561ms
2026-09-19T10:11:59Z INFO  [reaper] task started id=8192
2026-09-19T10:12:00Z INFO  [scheduler] cache miss ratio high id=1024
2026-09-19T10:12:01Z WARN  [scheduler] queue depth over threshold id=4096 depth=841
2026-09-19T10:12:02Z INFO  [scheduler] task finished id=1024 elapsed=479ms
2026-09-19T10:12:03Z INFO  [scheduler] task started id=256
2026-09-19T10:12:04Z INFO  [worker-3] cache miss ratio high id=512
2026-09-19T10:12:05Z WARN  [worker-2] task finished id=1024 elapsed=809ms
2026-09-19T10:12:06Z ERROR [worker-3] task started id=256
2026-09-19T10:12:07Z WARN  [worker-1] cache miss ratio high id=512
2026-09-19T10:12:08Z INFO  [scheduler] task failed id=256 reason=timeout
2026-09-19T10:12:09Z INFO  [reaper] queue depth over threshold id=8192 depth=583
2026-09-19T10:12:10Z INFO  [worker-4] connection reset id=4096 retrying
2026-09-19T10:12:11Z WARN  [reaper] task started id=4096
2026-09-19T10:12:12Z INFO  [worker-3] task started id=512
2026-09-19T10:12:13Z INFO  [reaper] cache miss ratio high id=8192
2026-09-19T10:12:14Z ERROR [worker-4] connection reset id=4096 retrying
malformed line without structure
2026-09-19T10:12:16Z WARN  [worker-3] queue depth over threshold id=8192 depth=672
2026-09-19T10:12:17Z INFO  [worker-2] task failed id=4096 reason=timeout
2026-09-19T10:12:18Z INFO  [worker-3] task finished id=1024 elapsed=665ms
2026-09-19T10:12:19Z INFO  [reaper] task lookup id=unknown
2026-09-19T10:12:20Z WARN  [worker-2] task started id=256
2026-09-19T10:12:21Z INFO  [worker-1] queue depth over threshold id=2048 depth=633
2026-09-19T10:12:22Z INFO  [worker-3] cache miss ratio high id=256
2026-09-19T10:12:23Z INFO  [worker-3] task started id=4096
2026-09-19T10:12:24Z INFO  [scheduler] cache miss ratio high id=1024
2026-09-19T10:12:25Z INFO  [worker-3] task failed id=1024 reason=timeout
2026-09-19T10:12:26Z INFO  [worker-2] task started id=512
2026-09-19T10:12:27Z INFO  [worker-4] task finished id=2048 elapsed=765ms
2026-09-19T10:12:28Z INFO  [scheduler] queue depth over threshold id=1024 depth=767
2026-09-19T10:12:29Z INFO  [worker-3] task finished id=8192 elapsed=516ms
2026-09-19T10:12:30Z INFO  [worker-2] cache miss ratio high id=8192
2026-09-19T10:12:31Z INFO  [worker-4] cache miss ratio high id=256
2026-09-19T10:12:32Z WARN  [worker-1] queue depth over threshold id=4096 depth=220
2026-09-19T10:12:33Z INFO  [scheduler] cache miss ratio high id=8192
2026-09-19T10:12:34Z ERROR [worker-3] queue depth over threshold id=2048 depth=753
2026-09-19T10:12:35Z INFO  [worker-2] cache miss ratio high id=1024
2026-09-19T10:12:36Z INFO  [worker-3] connection reset id=8192 retrying
2026-09-19T10:12:37Z WARN  [worker-3] cache miss ratio high id=1024
2026-09-19T10:12:38Z ERROR [scheduler] task started id=8192
2026-09-19T10:12:39Z INFO  [worker-2] queue depth over threshold id=8192 depth=791
2026-09-19T10:12:40Z WARN  [scheduler] cache miss ratio high id=4096
2026-09-19T10:12:41Z INFO  [worker-2] task finished id=4096 elapsed=298ms
2026-09-19T10:12:42Z ERROR [worker-1] queue depth over threshold id=2048 depth=329
2026-09-19T10:12:43Z INFO  [worker-1] task failed id=256 reason=timeout
2026-09-19T10:12:44Z INFO  [worker-3] queue depth over threshold id=1024 depth=998
2026-09-19T10:12:45Z WARN  [worker-1] task started id=512
2026-09-19T10:12:46Z INFO  [worker-3] task failed id=256 reason=timeout
2026-09-19T10:12:47Z INFO  [worker-4] task finished id=512 elapsed=312ms
2026-09-19T10:12:48Z WARN  [reaper] task started id=2048
2026-09-19T10:12:49Z INFO  [worker-3] task started id=512
2026-09-19T10:12:50Z INFO  [worker-2] queue depth over threshold id=4096 depth=846
2026-09-19T10:12:51Z INFO  [worker-4] connection reset id=8192 retrying
2026-09-19T10:12:52Z WARN  [worker-2] task started id=4096
2026-09-19T10:12:53Z ERROR [scheduler] task started id=8192
2026-09-19T10:12:54Z INFO  [worker-2] task failed id=1024 reason=timeout
2026-09-19T10:12:55Z INFO  [worker-4] queue depth over threshold id=512 depth=770
2026-09-19T10:12:56Z INFO  [reaper] task lookup id=unknown
2026-09-19T10:12:57Z WARN  [worker-2] task finished id=2048 elapsed=460ms
2026-09-19T10:12:58Z INFO  [worker-3] task finished id=8192 elapsed=16ms
2026-09-19T10:12:59Z INFO  [worker-1] task failed id=1024 reason=timeout
2026-09-19T10:13:00Z INFO  [reaper] task finished id=512 elapsed=715ms
2026-09-19T10:13:01Z INFO  [worker-1] queue depth over threshold id=256 depth=759
2026-09-19T10:13:02Z INFO  [worker-1] task failed id=8192 reason=timeout
2026-09-19T10:13:03Z WARN  [worker-3] task finished id=8192 elapsed=490ms
2026-09-19T10:23:45Z TRACE [worker-3] unknown level
2026-09-19T10:13:05Z INFO  [reaper] task finished id=8192 elapsed=176ms
2026-09-19T10:13:06Z ERROR [worker-1] cache miss ratio high id=8192
2026-09-19T10:13:07Z WARN  [worker-2] task finished id=256 elapsed=605ms
2026-09-19T10:13:08Z INFO  [reaper] task started id=8192
2026-09-19T10:13:09Z INFO  [reaper] connection reset id=512 retrying
2026-09-19T10:13:10Z INFO  [worker-3] connection reset id=4096 retrying
2026-09-19T10:13:11Z INFO  [worker-4] task started id=8192
2026-09-19T10:13:12Z ERROR [reaper] cache miss ratio high id=4096
2026-09-19T10:13:13Z INFO  [worker-3] queue depth over threshold id=1024 depth=276
2026-09-19T10:13:14Z INFO  [worker-3] connection reset id=1024 retrying
2026-09-19T10:13:15Z INFO  [worker-3] cache miss ratio high id=8192
2026-09-19T10:13:16Z INFO  [worker-4] cache miss ratio high id=256
2026-09-19T10:13:17Z WARN  [worker-1] task finished id=8192 elapsed=186ms
2026-09-19T10:13:18Z INFO  [worker-3] task failed id=8192 reason=timeout
2026-09-19T10:13:19Z ERROR [worker-4] queue depth over threshold id=2048 depth=755
2026-09-19T10:13:20Z INFO  [worker-3] queue depth over threshold id=1024 depth=260
2026-09-19T10:13:21Z INFO  [worker-1] task failed id=256 reason=timeout
2026-09-19T10:13:22Z INFO  [worker-4] queue depth over threshold id=512 depth=349
2026-09-19T10:13:23Z WARN  [reaper] task finished id=512 elapsed=201ms
2026-09-19T10:13:24Z INFO  [worker-4] task finished id=256 elapsed=373ms
2026-09-19T10:13:25Z INFO  [worker-2] task failed id=1024 reason=timeout
2026-09-19T10:13:26Z INFO  [worker-4] cache miss ratio high id=512
2026-09-19T10:13:27Z INFO  [worker-3] task failed id=4096 reason=timeout
2026-09-19T10:13:28Z ERROR [worker-3] connection reset id=1024 retrying
2026-09-19T10:13:29Z WARN  [reaper] connection reset id=2048 retrying
2026-09-19T10:13:30Z INFO  [reaper] task finished id=2048 elapsed=410ms
2026-09-19T10:13:31Z INFO  [worker-4] task failed id=1024 reason=timeout
2026-09-19T10:13:32Z INFO  [worker-4] task finished id=2048 elapsed=879ms
2026-09-19T10:13:33Z INFO  [worker-1] task lookup id=unknown
2026-09-19T10:13:34Z INFO  [worker-3] task failed id=4096 reason=timeout
2026-09-19T10:13:35Z INFO  [scheduler] connection reset id=2048 retrying
2026-09-19T10:13:36Z INFO  [scheduler] task finished id=8192 elapsed=398ms
2026-09-19T10:13:37Z INFO  [reaper] connection reset id=4096 retrying
2026-09-19T10:13:38Z INFO  [worker-3] task failed id=512 reason=timeout
2026-09-19T10:13:39Z INFO  [reaper] cache miss ratio high id=512
2026-09-19T10:13:40Z INFO  [scheduler] connection reset id=2048 retrying
2026-09-19T10:13:41Z ERROR [worker-2] queue depth over threshold id=1024 depth=454
2026-09-19T10:13:42Z INFO  [scheduler] task finished id=256 elapsed=653ms
2026-09-19T10:13:43Z INFO  [worker-2] connection reset id=256 retrying
2026-09-19T10:13:44Z INFO  [worker-2] task started id=2048
2026-09-19T10:13:45Z INFO  [worker-2] task failed id=512 reason=timeout
2026-09-19T10:13:46Z WARN  [worker-4] cache miss ratio high id=256
2026-09-19T10:13:47Z INFO  [reaper] task started id=8192
2026-09-19T10:13:48Z INFO  [scheduler] cache miss ratio high id=1024
2026-09-19T10:13:49Z INFO  [worker-3] task started id=2048
2026-09-19T10:13:50Z WARN  [worker-4] connection reset id=2048 retrying
2026-09-19T10:13:51Z INFO  [worker-2] queue depth over threshold id=8192 depth=441
2026-09-19T10:13:52Z INFO  [scheduler] queue depth over threshold id=256 depth=853
2026-09-19T10:13:53Z INFO  [worker-1] task started id=1024
2026-09-19T10:13:54Z INFO  [worker-4] cache miss ratio high id=4096
2026-09-19T10:13:55Z INFO  [reaper] cache miss ratio high id=8192
2026-09-19T10:13:56Z INFO  [worker-4] connection reset id=256 retrying
2026-09-19T10:13:57Z INFO  [worker-4] queue depth over threshold id=1024 depth=354
2026-09-19T10:13:58Z INFO  [scheduler] task finished id=2048 elapsed=452ms
2026-09-19T10:13:59Z INFO  [worker-1] task finished id=256 elapsed=92ms
2026-09-19T10:14:00Z INFO  [scheduler] task finished id=1024 elapsed=769ms
2026-09-19T10:14:01Z WARN  [worker-4] queue depth over threshold id=512 depth=995
2026-09-19T10:14:02Z WARN  [scheduler] queue depth over threshold id=2048 depth=164
2026-09-19T10:14:03Z WARN  [worker-3] task failed id=1024 reason=timeout
2026-09-19T10:14:04Z INFO  [reaper] task finished id=4096 elapsed=643ms
2026-09-19T10:14:05Z ERROR [reaper] task finished id=1024 elapsed=204ms
2026-09-19T10:14:06Z INFO  [worker-2] task failed id=8192 reason=timeout
2026-09-19T10:14:07Z INFO  [worker-4] queue depth over threshold id=512 depth=602
2026-09-19T10:14:08Z ERROR [worker-4] task started id=4096
2026-09-19T10:14:09Z INFO  [worker-1] task failed id=2048 reason=timeout
2026-09-19T10:14:10Z INFO  [worker-3] task lookup id=unknown
2026-09-19T10:14:11Z INFO  [worker-4] task started id=8192
2026-09-19T10:14:12Z ERROR [scheduler] task started id=2048
2026-09-19T10:14:13Z INFO  [worker-1] task failed id=1024 reason=timeout
2026-09-19T10:14:14Z INFO  [worker-3] connection reset id=4096 retrying
2026-09-19T10:14:15Z INFO  [worker-3] queue depth over threshold id=1024 depth=938
2026-09-19T10:14:16Z INFO  [worker-1] task started id=8192
2026-09-19T10:14:17Z WARN  [worker-4] task failed id=256 reason=timeout
2026-09-19T10:14:18Z INFO  [worker-1] queue depth over threshold id=4096 depth=477
2026-09-19T10:14:19Z ERROR [worker-2] task failed id=256 reason=timeout
2026-09-19T10:14:20Z INFO  [worker-3] queue depth over threshold id=8192 depth=666
2026-09-19T10:14:21Z INFO  [worker-3] task started id=2048
2026-09-19T10:14:22Z INFO  [reaper] task started id=8192
2026-09-19T10:14:23Z INFO  [reaper] queue depth over threshold id=4096 depth=947
2026-09-19T10:14:24Z WARN  [reaper] cache miss ratio high id=512
2026-09-19T10:14:25Z WARN  [worker-1] cache miss ratio high id=2048
2026-09-19T10:14:26Z INFO  [worker-4] connection reset id=256 retrying
2026-09-19T10:14:27Z INFO  [worker-4] queue depth over threshold id=512 depth=211
2026-09-19T10:14:28Z INFO  [worker-2] task failed id=8192 reason=timeout
2026-09-19T10:14:29Z INFO  [worker-1] connection reset id=4096 retrying
2026-09-19T10:14:30Z INFO  [worker-3] task failed id=4096 reason=timeout
2026-09-19T10:14:31Z WARN  [worker-3] queue depth over threshold id=256 depth=807
2026-09-19T10:14:32Z INFO  [worker-4] task finished id=512 elapsed=803ms
2026-09-19T10:14:33Z INFO  [scheduler] cache miss ratio high id=2048
2026-13-45T99:99:99Z INFO [worker-3] bad timestamp
2026-09-19T10:14:35Z WARN  [worker-1] task finished id=256 elapsed=229ms
2026-09-19T10:14:36Z INFO  [worker-3] connection reset id=2048 retrying
2026-09-19T10:14:37Z INFO  [reaper] queue depth over threshold id=8192 depth=682
2026-09-19T10:14:38Z INFO  [scheduler] task started id=512
2026-09-19T10:14:39Z INFO  [worker-2] task failed id=512 reason=timeout
2026-09-19T10:14:40Z INFO  [reaper] connection reset id=1024 retrying
-- continuation of previous line
2026-09-19T10:14:42Z INFO  [scheduler] cache miss ratio high id=8192
2026-09-19T10:14:43Z INFO  [scheduler] task failed id=256 reason=timeout
2026-09-19T10:14:44Z INFO  [reaper] queue depth over threshold id=512 depth=922
2026-09-19T10:14:45Z INFO  [reaper] task finished id=4096 elapsed=860ms
2026-09-19T10:14:46Z INFO  [worker-1] task failed id=512 reason=timeout
2026-09-19T10:14:47Z INFO  [reaper] task lookup id=unknown
2026-09-19T10:14:48Z INFO  [worker-4] task failed id=512 reason=timeout
2026-09-19T10:14:49Z INFO  [worker-4] task failed id=2048 reason=timeout
2026-09-19T10:14:50Z INFO  [scheduler] task failed id=1024 reason=timeout
2026-09-19T10:14:51Z INFO  [worker-2] connection reset id=1024 retrying
2026-09-19T10:14:52Z INFO  [worker-3] queue depth over threshold id=512 depth=890
	   
2026-09-19T10:14:54Z INFO  [worker-4] task failed id=256 reason=timeout
2026-09-19T10:14:55Z WARN  [scheduler] task started id=1024
2026-09-19T10:14:56Z ERROR [reaper] cache miss ratio high id=512
2026-09-19T10:14:57Z ERROR [worker-4] task failed id=256 reason=timeout
2026-09-19T10:14:58Z INFO  [scheduler] connection reset id=1024 retrying
2026-09-19T10:14:59Z ERROR [reaper] task started id=512
